[spurious_branches] Block #0

0: COMPAREV        D2              0      
1: GOTOTRUE        8               
inferred D2: 0
8: COMPAREV        D2              0      
	D2 = 0
9: SETCMP          D2              !=     
	D2 = 0
10: COMPAREV        D2              0      
	D2 = 0
11: SETCMP          D2              !=     
	D2 = 0
12: COMPAREV        D2              0      
	D2 = 0
13: GOTOTRUE        15              
	D2 = 0
15: QUIT           
	D2 = 0
	side_effects
rewrite 1: GOTOCMP         15              ==     

[spurious_branches] Block #2

8: COMPAREV        D2              0      
9: SETCMP          D2              !=     
	D2 = Bool(D2)
10: COMPAREV        D2              0      
	D2 = Bool(D2)
11: SETCMP          D2              !=     
	D2 = Bool(D2)
12: COMPAREV        D2              0      
	D2 = Bool(D2)
13: GOTOTRUE        15              
	D2 = Bool(D2)
inferred D2: 0
15: QUIT           
	D2 = 0
	side_effects
rewrite 13: GOTOCMP         15              ==     

[reduce_comparisons] Block #0

0: COMPAREV        D2              0      
1: GOTOCMP         15              ==     
rewrite 0: 2 -> 2 commands
0: COMPAREV        D2              0      
1: GOTOCMP         15              ==     

[reduce_comparisons] Block #1

6: COMPAREV        D2              0      
7: SETCMP          D2              >      
	D2 = D2 > 0
8: COMPAREV        D2              0      
	D2 = D2 > 0
9: SETCMP          D2              !=     
	D2 = D2 > 0
10: COMPAREV        D2              0      
	D2 = D2 > 0
11: SETCMP          D2              !=     
	D2 = D2 > 0
12: COMPAREV        D2              0      
	D2 = D2 > 0
13: GOTOCMP         15              ==     
	D2 = D2 > 0
rewrite 6: 8 -> 2 commands
6: COMPAREV        D2              0      
7: GOTOCMP         15              <=     
8: NOP            
9: NOP            
10: NOP            
11: NOP            
12: NOP            
13: NOP            
Function #0
    0: COMPAREV        D2              0            [Block 0 -> 1, 3]
    1: GOTOCMP         15              ==
    2: LOADD           D2              20000        [Block 1 -> 2, 3]
    3: PUSHR           D2
    4: POP             REFNPC
    5: SETR            D2              NPCSTUN
    6: COMPAREV        D2              0
    7: GOTOCMP         15              <=
    8: NOP                                          [Block 2 -> 3]
    9: NOP
   10: NOP
   11: NOP
   12: NOP
   13: NOP
   14: TRACEV          1337
   15: QUIT                                         [Block 3 -> ]
