[spurious_branches] Block #0

0: COMPARER        D2              D3     
1: SETTRUEI        D2              
	D2 = D2 I== D3
2: COMPAREV        D2              0      
	D2 = D2 I== D3
3: GOTOTRUE        6               
	D2 = D2 I== D3
inferred D2: 0
6: COMPAREV        D2              1      
	D2 = 0
7: SETMOREI        D2              
	D2 = 0
8: COMPAREV        D2              0      
	D2 = 0
9: GOTOTRUE        12              
	D2 = 0
12: NOP            
	D2 = 0
	side_effects
rewrite 3: GOTOCMP         12              ==     

[spurious_branches] Block #2

6: COMPAREV        D2              1      
7: SETMOREI        D2              
	D2 = D2 I>= 1
8: COMPAREV        D2              0      
	D2 = D2 I>= 1
9: GOTOTRUE        12              
	D2 = D2 I>= 1
inferred D2: 0
12: NOP            
	D2 = 0
	side_effects
rewrite 9: GOTOCMP         12              ==     

[reduce_comparisons] Block #0

0: COMPARER        D2              D3     
1: SETTRUEI        D2              
	D2 = D2 I== D3
2: COMPAREV        D2              0      
	D2 = D2 I== D3
3: GOTOCMP         12              ==     
	D2 = D2 I== D3
rewrite 0: 4 -> 3 commands
0: COMPARER        D2              D3     
1: SETCMP          D2              I==    
2: GOTOCMP         12              !=     
3: NOP            

[reduce_comparisons] Block #1

5: CASTBOOLF       D2              
	D2 = Bool(D2)
6: COMPAREV        D2              1      
	D2 = Bool(D2)
7: SETMOREI        D2              
	D2 = Bool(D2)
8: COMPAREV        D2              0      
	D2 = Bool(D2)
9: GOTOCMP         12              ==     
	D2 = Bool(D2)
rewrite 5: 5 -> 3 commands
5: COMPAREV        D2              0      
6: SETCMP          D2              !=     
7: GOTOCMP         12              ==     
8: NOP            
9: NOP            
Function #0
    0: COMPARER        D2              D3           [Block 0 -> 1, 3]
    1: SETCMP          D2              I==
    2: GOTOCMP         12              !=
    3: NOP                                          [Block 1 -> 2, 3]
    4: NOP
    5: COMPAREV        INPUTEX2        0
    6: SETCMP          D2              !=
    7: GOTOCMP         12              ==
    8: NOP                                          [Block 2 -> 4]
    9: NOP
   10: SETV            D2              10000
   11: GOTO            13
   12: NOP                                          [Block 3 -> 4]
   13: NOP                                          [Block 4 -> ]
   14: POP             D3
   15: RETURNFUNC
