Function #0
    0: TRACEV          1                            [Block 0 -> ]
    1: CALLFUNC        3                            [Call Function #1]
    2: QUIT


Function #1
    3: COMPARER        D3              D2           [Block 0 -> ]
    4: SETMORE         D2
    5: COMPAREV        D2              0
    6: SETTRUEI        D2
    7: CASTBOOLF       D2
    8: COMPAREV        D2              1
    9: SETMOREI        D2
   10: COMPAREV        D2              0
   11: NOP
   12: NOP
   13: SETV            D3              0
   14: RETURNFUNC
