[spurious_branches] Block #0

0: COMPAREV        D2              40000  
1: SETCMP          D2              <      
	D2 = D2 < 40000
2: COMPAREV        D2              0      
	D2 = D2 < 40000
3: GOTOTRUE        7               
	D2 = D2 < 40000
inferred D2: 0
7: COMPAREV        D2              0      
	D2 = 0
8: SETCMP          D2              !=     
	D2 = 0
9: COMPAREV        D2              0      
	D2 = 0
10: GOTOTRUE        12              
	D2 = 0
12: QUIT           
	D2 = 0
	side_effects
rewrite 3: GOTOCMP         12              ==     

[spurious_branches] Block #2

7: COMPAREV        D2              0      
8: SETCMP          D2              !=     
	D2 = Bool(D2)
9: COMPAREV        D2              0      
	D2 = Bool(D2)
10: GOTOTRUE        12              
	D2 = Bool(D2)
inferred D2: 0
12: QUIT           
	D2 = 0
	side_effects
rewrite 10: GOTOCMP         12              ==     

[reduce_comparisons] Block #0

0: COMPAREV        D2              40000  
1: SETCMP          D2              <      
	D2 = D2 < 40000
2: COMPAREV        D2              0      
	D2 = D2 < 40000
3: GOTOCMP         12              ==     
	D2 = D2 < 40000
rewrite 0: 4 -> 2 commands
0: COMPAREV        D2              40000  
1: GOTOCMP         12              >=     
2: NOP            
3: NOP            

[reduce_comparisons] Block #1

5: COMPAREV        D2              10000  
6: SETCMP          D2              >=     
	D2 = D2 >= 10000
7: COMPAREV        D2              0      
	D2 = D2 >= 10000
8: SETCMP          D2              !=     
	D2 = D2 >= 10000
9: COMPAREV        D2              0      
	D2 = D2 >= 10000
10: GOTOCMP         12              ==     
	D2 = D2 >= 10000
rewrite 5: 6 -> 2 commands
5: COMPAREV        D2              10000  
6: GOTOCMP         12              <      
7: NOP            
8: NOP            
9: NOP            
10: NOP            
Function #0
    0: COMPAREV        D2              40000        [Block 0 -> 1, 3]
    1: GOTOCMP         12              >=
    2: NOP                                          [Block 1 -> 2, 3]
    3: NOP
    4: LOAD            D2              2
    5: COMPAREV        D2              10000
    6: GOTOCMP         12              <
    7: NOP                                          [Block 2 -> 3]
    8: NOP
    9: NOP
   10: NOP
   11: TRACEV          0
   12: QUIT                                         [Block 3 -> ]
