[spurious_branches] Block #0

0: COMPARER        D3               D2     
1: SETCMP          D2               I<     
	D2 = D3 I< D2
2: COMPAREV        D2               0      
	D2 = D3 I< D2
3: GOTOTRUE        7               
	D2 = D3 I< D2
inferred D2: 0
7: COMPAREV        D2               0      
	D2 = 0
8: SETCMP          D2               I!=    
	D2 = 0
9: COMPAREV        D2               0      
	D2 = 0
10: GOTOTRUE        12              
	D2 = 0
12: QUIT           
	D2 = 0
	side_effects
rewrite 3: GOTOCMP         12               ==     

[spurious_branches] Block #2

7: COMPAREV        D2               0      
8: SETCMP          D2               I!=    
	D2 = Bool(D2)
9: COMPAREV        D2               0      
	D2 = Bool(D2)
10: GOTOTRUE        12              
	D2 = Bool(D2)
inferred D2: 0
12: QUIT           
	D2 = 0
	side_effects
rewrite 10: GOTOCMP         12               ==     

[reduce_comparisons] Block #0

0: COMPARER        D3               D2     
1: SETCMP          D2               I<     
	D2 = D3 I< D2
2: COMPAREV        D2               0      
	D2 = D3 I< D2
3: GOTOCMP         12               ==     
	D2 = D3 I< D2
rewrite 0: 4 -> 2 commands
0: COMPARER        D3               D2     
1: GOTOCMP         12               >=     
2: NOP            
3: NOP            

[reduce_comparisons] Block #1

5: COMPAREV        D2               0      
6: SETCMP          D2               I==    
	D2 = !IBool(D2)
7: COMPAREV        D2               0      
	D2 = !IBool(D2)
8: SETCMP          D2               I!=    
	D2 = !IBool(D2)
9: COMPAREV        D2               0      
	D2 = !IBool(D2)
10: GOTOCMP         12               ==     
	D2 = !IBool(D2)
rewrite 5: 6 -> 2 commands
5: COMPAREV        D2               0      
6: GOTOCMP         12               !=     
7: NOP            
8: NOP            
9: NOP            
10: NOP            
Function #0
    0: COMPARER        D3               D2          [Block 0 -> 1, 3]
    1: GOTOCMP         12               >=
    2: NOP                                          [Block 1 -> 2, 3]
    3: NOP
    4: NOP
    5: COMPAREV        LINKZ            0
    6: GOTOCMP         12               !=
    7: NOP                                          [Block 2 -> 3]
    8: NOP
    9: NOP
   10: NOP
   11: TRACEV          0
   12: QUIT                                         [Block 3 -> ]
