rewrite 3: 3 -> 1 commands
3: SINR            D2              D2     
4: NOP            
5: NOP            
Function #0
    0: SETR            D4              SP2          [Block 0 -> ]
    1: PUSHARGSR       D4              1
    2: LOAD            D2              7
    3: SINR            D2              D2
    4: NOP
    5: NOP
    6: PUSHR           D2
    7: PUSHR           D4
    8: LOAD            D2              7
    9: PUSHR           D2
   10: CALLFUNC        32                           [Call Function #2]
   11: POP             D4
   12: PUSHR           D2
   13: PUSHR           D4
   14: CALLFUNC        43                           [Call Function #4]
   15: POP             D4
   16: PUSHR           D2
   17: PUSHR           D4
   18: CALLFUNC        28                           [Call Function #1]
   19: POP             D4
   20: PUSHR           D2
   21: CALLFUNC        37                           [Call Function #3]
   22: POP             D4
   23: QUIT
   24: NOP
   25: NOP
   26: NOP
   27: NOP


Function #1
   28: NOP                                          [Block 0 -> ]
   29: NOP
   30: NOP
   31: NOP


Function #2
   32: NOP                                          [Block 0 -> ]
   33: NOP
   34: NOP
   35: NOP
   36: NOP


Function #3
   37: NOP                                          [Block 0 -> ]
   38: NOP
   39: NOP
   40: NOP
   41: NOP
   42: NOP


Function #4
   43: NOP                                          [Block 0 -> ]
   44: NOP
   45: NOP
   46: NOP
