Function #0
    0: CALLFUNC        5                            [Block 0 -> ][Call Function #1]
    1: CALLFUNC        21                           [Call Function #3]
    2: NOP
    3: PUSHV           1000
    4: QUIT


Function #1
    5: PUSHV           999                          [Block 0 -> ]
    6: SETV            D2              1000
    7: PUSHR           D2
    8: SETV            D2              1001
    9: PUSHR           D2
   10: SETV            D2              1002
   11: PUSHR           D2
   12: CALLFUNC        15                           [Call Function #2]
   13: TRACER          D2
   14: RETURNFUNC


Function #2
   15: POP             D6                           [Block 0 -> ]
   16: POP             D1
   17: POP             D0
   18: POP             D5
   19: SETR            D2              SDDDD
   20: RETURNFUNC


Function #3
   21: PUSHV           999                          [Block 0 -> ]
   22: NOP
   23: PUSHV           1000
   24: NOP
   25: PUSHV           1001
   26: NOP
   27: PUSHV           1002
   28: CALLFUNC        31                           [Call Function #4]
   29: TRACER          D2
   30: RETURNFUNC


Function #4
   31: POP             D2                           [Block 0 -> ]
   32: POP             D1
   33: POP             D0
   34: POP             D5
   35: SETR            D2              SDDDD
   36: RETURNFUNC
