[spurious_branches] Block #0

0: COMPAREV        D2              1      
1: SETMOREI        D2              
	D2 = D2 I>= 1
2: COMPAREV        D2              0      
	D2 = D2 I>= 1
3: GOTOTRUE        5               
	D2 = D2 I>= 1
inferred D2: 0
5: NOP            
	D2 = 0
	side_effects
6: NOP            
	D2 = 0
	side_effects
7: LOAD            D2              0      
	side_effects
8: PUSHR           D2              
	side_effects
9: SETV            D2              450000 
	D2 = 450000
	side_effects
10: POP             D3              
	D2 = 450000
	side_effects
11: COMPARER        D3              D2     
	D2 = 450000
	side_effects
12: SETLESSI        D2              
	D2 = D3 I<= 450000
	side_effects
13: COMPAREV        D2              0      
	D2 = D3 I<= 450000
	side_effects
14: GOTOTRUE        16              
	D2 = D3 I<= 450000
	side_effects
rewrite 3: GOTOCMP         5               ==     

[spurious_branches] Block #2

5: NOP            
	side_effects
6: NOP            
	side_effects
7: LOAD            D2              0      
	side_effects
8: PUSHR           D2              
	side_effects
9: SETV            D2              450000 
	D2 = 450000
	side_effects
10: POP             D3              
	D2 = 450000
	side_effects
11: COMPARER        D3              D2     
	D2 = 450000
	side_effects
12: SETLESSI        D2              
	D2 = D3 I<= 450000
	side_effects
13: COMPAREV        D2              0      
	D2 = D3 I<= 450000
	side_effects
14: GOTOTRUE        16              
	D2 = D3 I<= 450000
	side_effects
inferred D2: 0
16: TRACEV          2               
	D2 = 0
	side_effects
rewrite 14: GOTOCMP         16              ==     

[reduce_comparisons] Block #0

0: COMPAREV        D2              1      
1: SETMOREI        D2              
	D2 = D2 I>= 1
2: COMPAREV        D2              0      
	D2 = D2 I>= 1
3: GOTOCMP         5               ==     
	D2 = D2 I>= 1
rewrite 0: 4 -> 2 commands
0: COMPAREV        D2              1      
1: GOTOCMP         5               <      
2: NOP            
3: NOP            

[reduce_comparisons] Block #2

11: COMPARER        D3              D2     
12: SETLESSI        D2              
	D2 = D3 I<= D2
13: COMPAREV        D2              0      
	D2 = D3 I<= D2
14: GOTOCMP         16              ==     
	D2 = D3 I<= D2
rewrite 11: 4 -> 2 commands
11: COMPARER        D3              D2     
12: GOTOCMP         16              >      
13: NOP            
14: NOP            
Function #0
    0: COMPAREV        D2              1            [Block 0 -> 1, 2]
    1: GOTOCMP         5               <
    2: NOP                                          [Block 1 -> 2]
    3: NOP
    4: TRACEV          0
    5: NOP                                          [Block 2 -> 3, 4]
    6: NOP
    7: LOAD            D2              0
    8: PUSHR           D2
    9: SETV            D2              450000
   10: POP             D3
   11: COMPARER        D3              D2
   12: GOTOCMP         16              >
   13: NOP                                          [Block 3 -> 4]
   14: NOP
   15: TRACEV          1
   16: TRACEV          2                            [Block 4 -> ]
