stderr:

Compiling 'dmap_trace.zs'
Pass 1: Parsing
Pass 2: Preprocessing
Pass 3: Registration
Pass 4: Analyzing Code
Pass 5: Checking code paths
Pass 6: Generating object code
Pass 7: Assembling
Success!
Compile finished with exit code '0' (success)

stdout:

{
  "success": true,
  "diagnostics": [],
  "metadata": {
    "currentFileSymbols": 2,
    "symbols": 1,
    "identifiers": 1,
    "elided": true
  }
}

zasm:

PUSHR REFDMAPDATA; void run() Body Start
SETR D4 SP2
TRACEV 999; InlineFunc[void Trace(untyped)] Params AND InlineFunc[void Trace(untyped)] Body
POP D5
QUIT; void run() Body End


QUIT; void run() Body
