Compiling 'ranges.zs'
Pass 1: Parsing
Pass 2: Preprocessing
Pass 3: Registration
Pass 4: Analyzing Code
Pass 5: Generating object code
Pass 6: Assembling
Success!
Compile finished with exit code '0' (success)

QUIT