PUSHR REFDMAPDATA
PUSHR d2
PUSHR d2
PUSHR d2
PUSHR d2
PUSHR d2
PUSHR d2
SETR d4,SP
ALLOCATEMEMV d2,13
STORED d2,5
WRITEPODSTRING d2,"OX/OY %d %d\n"
LOADD d2,5
PUSHR d2
SETV d2,3
PUSHR d2
POP d0
PUSHVARGR GAMESCROLLING
SETV d2,4
PUSHR d2
POP d0
PUSHVARGR GAMESCROLLING
PRINTFVARG
POP d5
LOADD d3,5
DEALLOCATEMEMR d3
ALLOCATEMEMV d2,6
STORED d2,4
WRITEPODSTRING d2,"OX/OY"
PUSHV 7
PUSHV 0
PUSHV 0
PUSHV 2
PUSHV 1
PUSHV 15
PUSHV 0
LOADD d2,4
PUSHR d2
PUSHV 128
DRAWSTRING
POPARGS d5,0.0009
LOADD d3,4
DEALLOCATEMEMR d3
PUSHV 7
PUSHV 40
PUSHV 0
PUSHV 2
PUSHV 1
PUSHV 15
PUSHV -1
PUSHV -1
SETV d2,3
PUSHR d2
POP d0
PUSHR GAMESCROLLING
PUSHV 0
PUSHV 128
DRAWINT
POPARGS d5,0.0011
PUSHV 7
PUSHV 120
PUSHV 0
PUSHV 2
PUSHV 1
PUSHV 15
PUSHV -1
PUSHV -1
SETV d2,4
PUSHR d2
POP d0
PUSHR GAMESCROLLING
PUSHV 0
PUSHV 128
DRAWINT
POPARGS d5,0.0011
ALLOCATEMEMV d2,13
STORED d2,3
WRITEPODSTRING d2,"NX/NY %d %d\n"
LOADD d2,3
PUSHR d2
SETV d2,1
PUSHR d2
POP d0
PUSHVARGR GAMESCROLLING
SETV d2,2
PUSHR d2
POP d0
PUSHVARGR GAMESCROLLING
PRINTFVARG
POP d5
LOADD d3,3
DEALLOCATEMEMR d3
ALLOCATEMEMV d2,6
STORED d2,2
WRITEPODSTRING d2,"NX/NY"
PUSHV 7
PUSHV 0
PUSHV 8
PUSHV 2
PUSHV 1
PUSHV 15
PUSHV 0
LOADD d2,2
PUSHR d2
PUSHV 128
DRAWSTRING
POPARGS d5,0.0009
LOADD d3,2
DEALLOCATEMEMR d3
PUSHV 7
PUSHV 40
PUSHV 8
PUSHV 2
PUSHV 1
PUSHV 15
PUSHV -1
PUSHV -1
SETV d2,1
PUSHR d2
POP d0
PUSHR GAMESCROLLING
PUSHV 0
PUSHV 128
DRAWINT
POPARGS d5,0.0011
PUSHV 7
PUSHV 120
PUSHV 8
PUSHV 2
PUSHV 1
PUSHV 15
PUSHV -1
PUSHV -1
SETV d2,2
PUSHR d2
POP d0
PUSHR GAMESCROLLING
PUSHV 0
PUSHV 128
DRAWINT
POPARGS d5,0.0011
SETV d2,0
PUSHR d2
POP d0
SETR d2,GAMESCROLLING
COMPAREV d2,-1
SETFALSEI d2
COMPAREV d2,0
GOTOTRUE 251
SETR d2,LINKX
PUSHR d2
SETV d2,1
PUSHR d2
POP d0
SETR d2,GAMESCROLLING
POP d3
ADDR d2,d3
STORED d2,1
SETR d2,LINKY
PUSHR d2
SETV d2,2
PUSHR d2
POP d0
SETR d2,GAMESCROLLING
POP d3
ADDR d2,d3
STORED d2,0
PUSHV 3
LOADD d2,1
PUSHR d2
LOADD d2,0
PUSHR d2
PUSHV 20
PUSHV 1
PUSHV 1
PUSHV 3
PUSHV -1
PUSHV -1
PUSHV 0
PUSHV 0
PUSHV 0
PUSHV 0
PUSHV 0
PUSHV 1
PUSHV 128
DRAWCOMBO
POPARGS d5,0.0016
SETV d2,3
PUSHR d2
POP d0
SETR d2,GAMESCROLLING
ADDV d2,128
STORED d2,1
SETV d2,4
PUSHR d2
POP d0
SETR d2,GAMESCROLLING
ADDV d2,88
STORED d2,0
PUSHV 3
LOADD d2,1
PUSHR d2
LOADD d2,0
PUSHR d2
PUSHV 21
PUSHV 1
PUSHV 1
PUSHV 3
PUSHV -1
PUSHV -1
PUSHV 0
PUSHV 0
PUSHV 0
PUSHV 0
PUSHV 0
PUSHV 1
PUSHV 128
DRAWCOMBO
POPARGS d5,0.0016
SETV d2,1
PUSHR d2
POP d0
SETR d2,GAMESCROLLING
ADDV d2,128
STORED d2,1
SETV d2,2
PUSHR d2
POP d0
SETR d2,GAMESCROLLING
ADDV d2,88
STORED d2,0
PUSHV 3
LOADD d2,1
PUSHR d2
LOADD d2,0
PUSHR d2
PUSHV 44
PUSHV 1
PUSHV 1
PUSHV 3
PUSHV -1
PUSHV -1
PUSHV 0
PUSHV 0
PUSHV 0
PUSHV 0
PUSHV 0
PUSHV 1
PUSHV 128
DRAWCOMBO
POPARGS d5,0.0016
WAITFRAME
GOTO 9
POPARGS d5,0.0007
QUIT


ALLOCATEGMEMV d2,4096
SETR gd1,d2
QUIT