Compiling 'viewport.zs'
Pass 1: Parsing
Pass 2: Preprocessing
Pass 3: Registration
Pass 4: Analyzing Code
Pass 5: Checking code paths
Pass 6: Generating object code
Pass 7: Assembling
Success!
Compile finished with exit code '0' (success)

PUSHARGSV 0,0.0004; void run() Body Start
SETR d4,SP
STOREDV 20,2
STOREDV 5,0
SETV d2,2; while(true) #8 Body [Opt:AlwaysOn] Start
PUSHR d2
POP d2
SETR VIEWPORT_MODE,d2
SETR d2,LINKX
PUSHR d2
SETR d2,VIEWPORT_WIDTH
DIVV d2,2
POP d3
SUBR d3,d2
SETR d2,d3
PUSHR d2
LOADD d2,2
PUSHR d2
LOADD d2,1; InlineFunc[int Cos(int)] Params Start
SETR d3,d2; InlineFunc[int Cos(int)] Params End
COSR d2,d3; InlineFunc[int Cos(int)] Body
POP d3
MULTR d2,d3
POP d3
ADDR d2,d3
PUSHR d2
POP d2
SETR VIEWPORT_X,d2
SETR d2,LINKY
PUSHR d2
SETR d2,VIEWPORT_HEIGHT
DIVV d2,2
POP d3
SUBR d3,d2
SETR d2,d3
PUSHR d2
LOADD d2,2
PUSHR d2
LOADD d2,1; InlineFunc[int Sin(int)] Params Start
SETR d3,d2; InlineFunc[int Sin(int)] Params End
SINR d2,d3; InlineFunc[int Sin(int)] Body
POP d3
MULTR d2,d3
POP d3
ADDR d2,d3
PUSHR d2
POP d2
SETR VIEWPORT_Y,d2
LOADD d2,1
PUSHR d2
LOADD d2,0
POP d3
ADDR d2,d3
STORED d2,1; if() #189 Test
COMPAREV d2,-360
SETCMP d2,I<
COMPAREV d2,0
GOTOCMP 63,==; Test 'if'
LOADD d2,1; if() #189 Body Start
ADDV d2,360
STORED d2,1
GOTO 71; if() #189 Body End
LOADD d2,1; if() #558 Test AND if() #189 Else Start
COMPAREV d2,360
SETCMP d2,I>
COMPAREV d2,0
GOTOCMP 71,==; Test 'if'
LOADD d2,1; if() #558 Body Start
SUBV d2,360
STORED d2,1; if() #558 Body End
WAITFRAME; if() #189 Else End AND InlineFunc[void Waitframe()] Body AND while(true) #8 Body [Opt:AlwaysOn] End
GOTO 5; while() #8 End AND [Opt:NeverRet] AND void run() Body End


ALLOCATEGMEMV d2,4096; void run() Body Start
SETR gd1,d2
QUIT; void run() Body End